<html>
<body>
<pre>
<h1>礦ision Build Log</h1>
<h2>Tool Versions:</h2>
IDE-Version: μVision V5.21.1.0
Copyright (C) 2016 ARM Ltd and ARM Germany GmbH. All rights reserved.
License Information: 11 22, 33, LIC=IC9PC-7MYIM-22GL4-F21I0-A2NW1-U4LP6
 
Tool Versions:
Toolchain:       MDK-ARM Professional  Version: 5.21a
Toolchain Path:  D:\Keil_v5\ARM\ARMCC\Bin
C Compiler:      Armcc.exe V5.06 update 3 (build 300)
Assembler:       Armasm.exe V5.06 update 3 (build 300)
Linker/Locator:  ArmLink.exe V5.06 update 3 (build 300)
Library Manager: ArmAr.exe V5.06 update 3 (build 300)
Hex Converter:   FromElf.exe V5.06 update 3 (build 300)
CPU DLL:         SARMCM3.DLL V5.21a
Dialog DLL:      DCM.DLL V1.13.8.0
Target DLL:      UL2CM3.DLL V1.158.5.0
Dialog DLL:      TCM.DLL V1.14.14.0
 
<h2>Project:</h2>
D:\my\tinyOS\tinyOS1.07内核编程实战\tinyOS.uvprojx
Project File Date:  09/06/2019

<h2>Output:</h2>
*** Using Compiler 'V5.06 update 3 (build 300)', folder: 'D:\Keil_v5\ARM\ARMCC\Bin'
Build target 'Target 1'
assembling startup_ARMCM3.s...
compiling main.c...
compiling switch.c...
Source\switch.c(25): warning: A1581W: Added 2 bytes of padding at address 0x1e
compiling system_ARMCM3.c...
linking...
Program Size: Code=488 RO-data=224 RW-data=16 ZI-data=8288  
".\Objects\tinyOS.axf" - 0 Error(s), 1 Warning(s).

<h2>Software Packages used:</h2>

Package Vendor: ARM
                http://www.keil.com/pack/ARM.CMSIS.4.5.0.pack
                ARM::Device:Startup:1.0.1
                CMSIS (Cortex Microcontroller Software Interface Standard)
   * Component: Startup Version: 1.0.1
   * Component: CORE Version: 4.3.0

<h2>Collection of Component include folders:</h2>
  D:\my\tinyOS\tinyOS1.07内核编程实战\RTE
  D:\Keil_v5\ARM\PACK\ARM\CMSIS\4.5.0\CMSIS\Include
  D:\Keil_v5\ARM\PACK\ARM\CMSIS\4.5.0\Device\ARM\ARMCM3\Include

<h2>Collection of Component Files used:</h2>

   * Component: ARM::Device:Startup:1.0.1
      Source file:   Device\ARM\ARMCM3\Source\ARM\startup_ARMCM3.s
      Include file:  Device\ARM\ARMCM3\Include\ARMCM3.h
      Source file:   Device\ARM\ARMCM3\Source\system_ARMCM3.c

   * Component: ARM::CMSIS:CORE:4.3.0
Build Time Elapsed:  00:00:02
</pre>
</body>
</html>
